// Jest Snapshot v1, https://goo.gl/fbAQLP

exports[`UndoList 组件 样式渲染正常 1`] = `
<div
  className="undo-list"
>
  <div
    className="undo-list-title"
  >
    正在进行
    <div
      className="undo-list-count"
      data-test="count"
    >
      3
    </div>
  </div>
  <ul
    className="undo-list-ul"
  >
    <li
      className=" undo-list-item"
      data-test="undo-list-item"
      key="0"
      onClick={[Function]}
    >
      <input
        className="undo-list-checkbox"
        data-test="check-item"
        onClick={[Function]}
        type="checkbox"
        value={false}
      />
      <input
        className="undo-list-input"
        data-test="list-input"
        onBlur={[Function]}
        onChange={[Function]}
        value="jest"
      />
      <div
        className="undo-list-delete"
        data-test="delete-item"
        onClick={[Function]}
      >
         - 
      </div>
    </li>
    <li
      className="undo-item-checked undo-list-item"
      data-test="undo-list-item"
      key="1"
      onClick={[Function]}
    >
      <input
        className="undo-list-checkbox"
        data-test="check-item"
        onClick={[Function]}
        type="checkbox"
        value={true}
      />
      <span>
        TDD
      </span>
      <div
        className="undo-list-delete"
        data-test="delete-item"
        onClick={[Function]}
      >
         - 
      </div>
    </li>
    <li
      className=" undo-list-item"
      data-test="undo-list-item"
      key="2"
      onClick={[Function]}
    >
      <input
        className="undo-list-checkbox"
        data-test="check-item"
        onClick={[Function]}
        type="checkbox"
        value={false}
      />
      <span>
        react
      </span>
      <div
        className="undo-list-delete"
        data-test="delete-item"
        onClick={[Function]}
      >
         - 
      </div>
    </li>
  </ul>
</div>
`;
